Traceback (most recent call last):
  File "/home/Student/s4906358/finalProject/PatternAnalysis-2025/recognition/HipMRIProject/train.py", line 178, in <module>
    main()
  File "/home/Student/s4906358/finalProject/PatternAnalysis-2025/recognition/HipMRIProject/train.py", line 61, in main
    for i, (images, masks) in enumerate(train_loader):
  File "/home/Student/s4906358/miniconda3/envs/torch/lib/python3.11/site-packages/torch/utils/data/dataloader.py", line 733, in __next__
    data = self._next_data()
           ^^^^^^^^^^^^^^^^^
  File "/home/Student/s4906358/miniconda3/envs/torch/lib/python3.11/site-packages/torch/utils/data/dataloader.py", line 1515, in _next_data
    return self._process_data(data, worker_id)
           ^^^^^^^^^^^^^^^^^^^^^^^^^^^^^^^^^^^
  File "/home/Student/s4906358/miniconda3/envs/torch/lib/python3.11/site-packages/torch/utils/data/dataloader.py", line 1550, in _process_data
    data.reraise()
  File "/home/Student/s4906358/miniconda3/envs/torch/lib/python3.11/site-packages/torch/_utils.py", line 750, in reraise
    raise exception
RuntimeError: Caught RuntimeError in DataLoader worker process 3.
Original Traceback (most recent call last):
  File "/home/Student/s4906358/miniconda3/envs/torch/lib/python3.11/site-packages/torch/utils/data/_utils/worker.py", line 349, in _worker_loop
    data = fetcher.fetch(index)  # type: ignore[possibly-undefined]
           ^^^^^^^^^^^^^^^^^^^^
  File "/home/Student/s4906358/miniconda3/envs/torch/lib/python3.11/site-packages/torch/utils/data/_utils/fetch.py", line 55, in fetch
    return self.collate_fn(data)
           ^^^^^^^^^^^^^^^^^^^^^
  File "/home/Student/s4906358/miniconda3/envs/torch/lib/python3.11/site-packages/torch/utils/data/_utils/collate.py", line 398, in default_collate
    return collate(batch, collate_fn_map=default_collate_fn_map)
           ^^^^^^^^^^^^^^^^^^^^^^^^^^^^^^^^^^^^^^^^^^^^^^^^^^^^^
  File "/home/Student/s4906358/miniconda3/envs/torch/lib/python3.11/site-packages/torch/utils/data/_utils/collate.py", line 211, in collate
    return [
           ^
  File "/home/Student/s4906358/miniconda3/envs/torch/lib/python3.11/site-packages/torch/utils/data/_utils/collate.py", line 212, in <listcomp>
    collate(samples, collate_fn_map=collate_fn_map)
  File "/home/Student/s4906358/miniconda3/envs/torch/lib/python3.11/site-packages/torch/utils/data/_utils/collate.py", line 155, in collate
    return collate_fn_map[elem_type](batch, collate_fn_map=collate_fn_map)
           ^^^^^^^^^^^^^^^^^^^^^^^^^^^^^^^^^^^^^^^^^^^^^^^^^^^^^^^^^^^^^^^
  File "/home/Student/s4906358/miniconda3/envs/torch/lib/python3.11/site-packages/torch/utils/data/_utils/collate.py", line 272, in collate_tensor_fn
    return torch.stack(batch, 0, out=out)
           ^^^^^^^^^^^^^^^^^^^^^^^^^^^^^^
RuntimeError: stack expects each tensor to be equal size, but got [1, 256, 128] at entry 0 and [1, 256, 144] at entry 4

