Starting job 320819 on a100-a
Loading Conda environment...
Conda environment activated. Running Python script...
Starting OASIS UNet training...
Data path: /home/groups/comp3710/OASIS
Using device: cuda
Training files: 9664
Validation files: 1120
Starting training loop...
  Epoch 1/100, Batch 50/1208, Loss: 0.2342
  Epoch 1/100, Batch 100/1208, Loss: 0.0700
  Epoch 1/100, Batch 150/1208, Loss: 0.0593
  Epoch 1/100, Batch 200/1208, Loss: 0.0660
  Epoch 1/100, Batch 250/1208, Loss: 0.0566
  Epoch 1/100, Batch 300/1208, Loss: 0.0483
  Epoch 1/100, Batch 350/1208, Loss: 0.0595
  Epoch 1/100, Batch 400/1208, Loss: 0.0464
  Epoch 1/100, Batch 450/1208, Loss: 0.0618
  Epoch 1/100, Batch 500/1208, Loss: 0.0519
  Epoch 1/100, Batch 550/1208, Loss: 0.0466
  Epoch 1/100, Batch 600/1208, Loss: 0.0524
  Epoch 1/100, Batch 650/1208, Loss: 0.0485
  Epoch 1/100, Batch 700/1208, Loss: 0.0515
  Epoch 1/100, Batch 750/1208, Loss: 0.0455
  Epoch 1/100, Batch 800/1208, Loss: 0.0421
  Epoch 1/100, Batch 850/1208, Loss: 0.0488
  Epoch 1/100, Batch 900/1208, Loss: 0.0474
  Epoch 1/100, Batch 950/1208, Loss: 0.0514
  Epoch 1/100, Batch 1000/1208, Loss: 0.0538
  Epoch 1/100, Batch 1050/1208, Loss: 0.0611
  Epoch 1/100, Batch 1100/1208, Loss: 0.0458
  Epoch 1/100, Batch 1150/1208, Loss: 0.0495
  Epoch 1/100, Batch 1200/1208, Loss: 0.0534
Epoch 1/100 Summary:
  Avg Train Loss: 0.0737
  Avg Val Loss:   0.0397
  Val Dice Score: 0.9846
  *** New best model saved! Dice: 0.9846 ***
  Epoch 2/100, Batch 50/1208, Loss: 0.0439
  Epoch 2/100, Batch 100/1208, Loss: 0.0418
  Epoch 2/100, Batch 150/1208, Loss: 0.0472
  Epoch 2/100, Batch 200/1208, Loss: 0.0367
  Epoch 2/100, Batch 250/1208, Loss: 0.0481
  Epoch 2/100, Batch 300/1208, Loss: 0.0496
  Epoch 2/100, Batch 350/1208, Loss: 0.0463
  Epoch 2/100, Batch 400/1208, Loss: 0.0449
  Epoch 2/100, Batch 450/1208, Loss: 0.0359
  Epoch 2/100, Batch 500/1208, Loss: 0.0445
  Epoch 2/100, Batch 550/1208, Loss: 0.0453
  Epoch 2/100, Batch 600/1208, Loss: 0.0451
  Epoch 2/100, Batch 650/1208, Loss: 0.0436
  Epoch 2/100, Batch 700/1208, Loss: 0.0460
  Epoch 2/100, Batch 750/1208, Loss: 0.0458
  Epoch 2/100, Batch 800/1208, Loss: 0.0482
  Epoch 2/100, Batch 850/1208, Loss: 0.0478
  Epoch 2/100, Batch 900/1208, Loss: 0.0516
  Epoch 2/100, Batch 950/1208, Loss: 0.0447
  Epoch 2/100, Batch 1000/1208, Loss: 0.0463
  Epoch 2/100, Batch 1050/1208, Loss: 0.0404
  Epoch 2/100, Batch 1100/1208, Loss: 0.0415
  Epoch 2/100, Batch 1150/1208, Loss: 0.0410
  Epoch 2/100, Batch 1200/1208, Loss: 0.0438
Epoch 2/100 Summary:
  Avg Train Loss: 0.0464
  Avg Val Loss:   0.0356
  Val Dice Score: 0.9866
  *** New best model saved! Dice: 0.9866 ***
  Epoch 3/100, Batch 50/1208, Loss: 0.0438
  Epoch 3/100, Batch 100/1208, Loss: 0.0494
  Epoch 3/100, Batch 150/1208, Loss: 0.0417
  Epoch 3/100, Batch 200/1208, Loss: 0.0375
  Epoch 3/100, Batch 250/1208, Loss: 0.0423
  Epoch 3/100, Batch 300/1208, Loss: 0.0447
  Epoch 3/100, Batch 350/1208, Loss: 0.0427
  Epoch 3/100, Batch 400/1208, Loss: 0.0378
  Epoch 3/100, Batch 450/1208, Loss: 0.0414
  Epoch 3/100, Batch 500/1208, Loss: 0.0407
  Epoch 3/100, Batch 550/1208, Loss: 0.0441
  Epoch 3/100, Batch 600/1208, Loss: 0.0488
  Epoch 3/100, Batch 650/1208, Loss: 0.0462
  Epoch 3/100, Batch 700/1208, Loss: 0.0498
  Epoch 3/100, Batch 750/1208, Loss: 0.0430
  Epoch 3/100, Batch 800/1208, Loss: 0.0437
  Epoch 3/100, Batch 850/1208, Loss: 0.0392
  Epoch 3/100, Batch 900/1208, Loss: 0.0378
  Epoch 3/100, Batch 950/1208, Loss: 0.0445
  Epoch 3/100, Batch 1000/1208, Loss: 0.0465
  Epoch 3/100, Batch 1050/1208, Loss: 0.0386
  Epoch 3/100, Batch 1100/1208, Loss: 0.0452
  Epoch 3/100, Batch 1150/1208, Loss: 0.0403
  Epoch 3/100, Batch 1200/1208, Loss: 0.0400
Epoch 3/100 Summary:
  Avg Train Loss: 0.0438
  Avg Val Loss:   0.0302
  Val Dice Score: 0.9886
  *** New best model saved! Dice: 0.9886 ***
  Epoch 4/100, Batch 50/1208, Loss: 0.0454
  Epoch 4/100, Batch 100/1208, Loss: 0.0334
  Epoch 4/100, Batch 150/1208, Loss: 0.0481
  Epoch 4/100, Batch 200/1208, Loss: 0.0488
  Epoch 4/100, Batch 250/1208, Loss: 0.0414
  Epoch 4/100, Batch 300/1208, Loss: 0.0350
  Epoch 4/100, Batch 350/1208, Loss: 0.0425
  Epoch 4/100, Batch 400/1208, Loss: 0.0430
  Epoch 4/100, Batch 450/1208, Loss: 0.0399
  Epoch 4/100, Batch 500/1208, Loss: 0.0380
  Epoch 4/100, Batch 550/1208, Loss: 0.0408
  Epoch 4/100, Batch 600/1208, Loss: 0.0373
  Epoch 4/100, Batch 650/1208, Loss: 0.0409
  Epoch 4/100, Batch 700/1208, Loss: 0.0522
  Epoch 4/100, Batch 750/1208, Loss: 0.0596
  Epoch 4/100, Batch 800/1208, Loss: 0.0375
  Epoch 4/100, Batch 850/1208, Loss: 0.0376
  Epoch 4/100, Batch 900/1208, Loss: 0.0363
  Epoch 4/100, Batch 950/1208, Loss: 0.0413
  Epoch 4/100, Batch 1000/1208, Loss: 0.0372
  Epoch 4/100, Batch 1050/1208, Loss: 0.0427
  Epoch 4/100, Batch 1100/1208, Loss: 0.0433
  Epoch 4/100, Batch 1150/1208, Loss: 0.0413
  Epoch 4/100, Batch 1200/1208, Loss: 0.0431
Epoch 4/100 Summary:
  Avg Train Loss: 0.0418
  Avg Val Loss:   0.0286
  Val Dice Score: 0.9891
  *** New best model saved! Dice: 0.9891 ***
  Epoch 5/100, Batch 50/1208, Loss: 0.0395
  Epoch 5/100, Batch 100/1208, Loss: 0.0389
  Epoch 5/100, Batch 150/1208, Loss: 0.0451
  Epoch 5/100, Batch 200/1208, Loss: 0.0332
  Epoch 5/100, Batch 250/1208, Loss: 0.0367
  Epoch 5/100, Batch 300/1208, Loss: 0.0387
  Epoch 5/100, Batch 350/1208, Loss: 0.0400
  Epoch 5/100, Batch 400/1208, Loss: 0.0404
  Epoch 5/100, Batch 450/1208, Loss: 0.0557
  Epoch 5/100, Batch 500/1208, Loss: 0.0324
  Epoch 5/100, Batch 550/1208, Loss: 0.0332
  Epoch 5/100, Batch 600/1208, Loss: 0.0480
  Epoch 5/100, Batch 650/1208, Loss: 0.0380
  Epoch 5/100, Batch 700/1208, Loss: 0.0397
  Epoch 5/100, Batch 750/1208, Loss: 0.0481
  Epoch 5/100, Batch 800/1208, Loss: 0.0387
  Epoch 5/100, Batch 850/1208, Loss: 0.0400
  Epoch 5/100, Batch 900/1208, Loss: 0.0320
  Epoch 5/100, Batch 950/1208, Loss: 0.0318
  Epoch 5/100, Batch 1000/1208, Loss: 0.0419
  Epoch 5/100, Batch 1050/1208, Loss: 0.0396
  Epoch 5/100, Batch 1100/1208, Loss: 0.0454
  Epoch 5/100, Batch 1150/1208, Loss: 0.0390
  Epoch 5/100, Batch 1200/1208, Loss: 0.0341
Epoch 5/100 Summary:
  Avg Train Loss: 0.0401
  Avg Val Loss:   0.0282
  Val Dice Score: 0.9891
  Epoch 6/100, Batch 50/1208, Loss: 0.0377
  Epoch 6/100, Batch 100/1208, Loss: 0.0366
  Epoch 6/100, Batch 150/1208, Loss: 0.0400
  Epoch 6/100, Batch 200/1208, Loss: 0.0455
  Epoch 6/100, Batch 250/1208, Loss: 0.0463
  Epoch 6/100, Batch 300/1208, Loss: 0.0395
  Epoch 6/100, Batch 350/1208, Loss: 0.0437
  Epoch 6/100, Batch 400/1208, Loss: 0.0350
  Epoch 6/100, Batch 450/1208, Loss: 0.0351
  Epoch 6/100, Batch 500/1208, Loss: 0.0376
  Epoch 6/100, Batch 550/1208, Loss: 0.0310
  Epoch 6/100, Batch 600/1208, Loss: 0.0435
  Epoch 6/100, Batch 650/1208, Loss: 0.0382
  Epoch 6/100, Batch 700/1208, Loss: 0.0438
  Epoch 6/100, Batch 750/1208, Loss: 0.0458
  Epoch 6/100, Batch 800/1208, Loss: 0.0442
  Epoch 6/100, Batch 850/1208, Loss: 0.0366
  Epoch 6/100, Batch 900/1208, Loss: 0.0357
  Epoch 6/100, Batch 950/1208, Loss: 0.0343
  Epoch 6/100, Batch 1000/1208, Loss: 0.0374
  Epoch 6/100, Batch 1050/1208, Loss: 0.0377
  Epoch 6/100, Batch 1100/1208, Loss: 0.0356
  Epoch 6/100, Batch 1150/1208, Loss: 0.0383
  Epoch 6/100, Batch 1200/1208, Loss: 0.0388
Epoch 6/100 Summary:
  Avg Train Loss: 0.0387
  Avg Val Loss:   0.0249
  Val Dice Score: 0.9903
  *** New best model saved! Dice: 0.9903 ***
  Epoch 7/100, Batch 50/1208, Loss: 0.0407
  Epoch 7/100, Batch 100/1208, Loss: 0.0397
  Epoch 7/100, Batch 150/1208, Loss: 0.0284
  Epoch 7/100, Batch 200/1208, Loss: 0.0290
  Epoch 7/100, Batch 250/1208, Loss: 0.0417
  Epoch 7/100, Batch 300/1208, Loss: 0.0391
  Epoch 7/100, Batch 350/1208, Loss: 0.0347
  Epoch 7/100, Batch 400/1208, Loss: 0.0345
  Epoch 7/100, Batch 450/1208, Loss: 0.0462
  Epoch 7/100, Batch 500/1208, Loss: 0.0359
  Epoch 7/100, Batch 550/1208, Loss: 0.0462
  Epoch 7/100, Batch 600/1208, Loss: 0.0344
  Epoch 7/100, Batch 650/1208, Loss: 0.0399
  Epoch 7/100, Batch 700/1208, Loss: 0.0371
  Epoch 7/100, Batch 750/1208, Loss: 0.0400
  Epoch 7/100, Batch 800/1208, Loss: 0.0363
  Epoch 7/100, Batch 850/1208, Loss: 0.0327
  Epoch 7/100, Batch 900/1208, Loss: 0.0424
  Epoch 7/100, Batch 950/1208, Loss: 0.0327
  Epoch 7/100, Batch 1000/1208, Loss: 0.0374
  Epoch 7/100, Batch 1050/1208, Loss: 0.0409
  Epoch 7/100, Batch 1100/1208, Loss: 0.0362
  Epoch 7/100, Batch 1150/1208, Loss: 0.0365
  Epoch 7/100, Batch 1200/1208, Loss: 0.0299
Epoch 7/100 Summary:
  Avg Train Loss: 0.0376
  Avg Val Loss:   0.0250
  Val Dice Score: 0.9903
  *** New best model saved! Dice: 0.9903 ***
  Epoch 8/100, Batch 50/1208, Loss: 0.0463
  Epoch 8/100, Batch 100/1208, Loss: 0.0323
  Epoch 8/100, Batch 150/1208, Loss: 0.0402
  Epoch 8/100, Batch 200/1208, Loss: 0.0412
  Epoch 8/100, Batch 250/1208, Loss: 0.0365
  Epoch 8/100, Batch 300/1208, Loss: 0.0326
  Epoch 8/100, Batch 350/1208, Loss: 0.0362
  Epoch 8/100, Batch 400/1208, Loss: 0.0342
  Epoch 8/100, Batch 450/1208, Loss: 0.0338
  Epoch 8/100, Batch 500/1208, Loss: 0.0383
  Epoch 8/100, Batch 550/1208, Loss: 0.0322
  Epoch 8/100, Batch 600/1208, Loss: 0.0310
  Epoch 8/100, Batch 650/1208, Loss: 0.0378
  Epoch 8/100, Batch 700/1208, Loss: 0.0315
  Epoch 8/100, Batch 750/1208, Loss: 0.0373
  Epoch 8/100, Batch 800/1208, Loss: 0.0280
  Epoch 8/100, Batch 850/1208, Loss: 0.0365
  Epoch 8/100, Batch 900/1208, Loss: 0.0409
  Epoch 8/100, Batch 950/1208, Loss: 0.0392
  Epoch 8/100, Batch 1000/1208, Loss: 0.0362
  Epoch 8/100, Batch 1050/1208, Loss: 0.0351
  Epoch 8/100, Batch 1100/1208, Loss: 0.0332
  Epoch 8/100, Batch 1150/1208, Loss: 0.0386
  Epoch 8/100, Batch 1200/1208, Loss: 0.0347
Epoch 8/100 Summary:
  Avg Train Loss: 0.0363
  Avg Val Loss:   0.0208
  Val Dice Score: 0.9920
  *** New best model saved! Dice: 0.9920 ***
  Epoch 9/100, Batch 50/1208, Loss: 0.0303
  Epoch 9/100, Batch 100/1208, Loss: 0.0412
  Epoch 9/100, Batch 150/1208, Loss: 0.0373
  Epoch 9/100, Batch 200/1208, Loss: 0.0417
  Epoch 9/100, Batch 250/1208, Loss: 0.0373
  Epoch 9/100, Batch 300/1208, Loss: 0.0385
  Epoch 9/100, Batch 350/1208, Loss: 0.0328
  Epoch 9/100, Batch 400/1208, Loss: 0.0382
  Epoch 9/100, Batch 450/1208, Loss: 0.0306
  Epoch 9/100, Batch 500/1208, Loss: 0.0318
  Epoch 9/100, Batch 550/1208, Loss: 0.0426
  Epoch 9/100, Batch 600/1208, Loss: 0.0342
  Epoch 9/100, Batch 650/1208, Loss: 0.0280
  Epoch 9/100, Batch 700/1208, Loss: 0.0393
  Epoch 9/100, Batch 750/1208, Loss: 0.0336
  Epoch 9/100, Batch 800/1208, Loss: 0.0352
  Epoch 9/100, Batch 850/1208, Loss: 0.0341
  Epoch 9/100, Batch 900/1208, Loss: 0.0344
  Epoch 9/100, Batch 950/1208, Loss: 0.0369
  Epoch 9/100, Batch 1000/1208, Loss: 0.0365
  Epoch 9/100, Batch 1050/1208, Loss: 0.0314
  Epoch 9/100, Batch 1100/1208, Loss: 0.0399
  Epoch 9/100, Batch 1150/1208, Loss: 0.0333
  Epoch 9/100, Batch 1200/1208, Loss: 0.0293
Epoch 9/100 Summary:
  Avg Train Loss: 0.0353
  Avg Val Loss:   0.0193
  Val Dice Score: 0.9925
  *** New best model saved! Dice: 0.9925 ***
  Epoch 10/100, Batch 50/1208, Loss: 0.0386
  Epoch 10/100, Batch 100/1208, Loss: 0.0367
  Epoch 10/100, Batch 150/1208, Loss: 0.0420
  Epoch 10/100, Batch 200/1208, Loss: 0.0311
  Epoch 10/100, Batch 250/1208, Loss: 0.0280
  Epoch 10/100, Batch 300/1208, Loss: 0.0343
  Epoch 10/100, Batch 350/1208, Loss: 0.0342
  Epoch 10/100, Batch 400/1208, Loss: 0.0312
  Epoch 10/100, Batch 450/1208, Loss: 0.0289
  Epoch 10/100, Batch 500/1208, Loss: 0.0319
  Epoch 10/100, Batch 550/1208, Loss: 0.0376
  Epoch 10/100, Batch 600/1208, Loss: 0.0342
  Epoch 10/100, Batch 650/1208, Loss: 0.0358
  Epoch 10/100, Batch 700/1208, Loss: 0.0285
  Epoch 10/100, Batch 750/1208, Loss: 0.0306
  Epoch 10/100, Batch 800/1208, Loss: 0.0268
  Epoch 10/100, Batch 850/1208, Loss: 0.0301
  Epoch 10/100, Batch 900/1208, Loss: 0.0334
  Epoch 10/100, Batch 950/1208, Loss: 0.0341
  Epoch 10/100, Batch 1000/1208, Loss: 0.0380
  Epoch 10/100, Batch 1050/1208, Loss: 0.0375
  Epoch 10/100, Batch 1100/1208, Loss: 0.0369
  Epoch 10/100, Batch 1150/1208, Loss: 0.0298
  Epoch 10/100, Batch 1200/1208, Loss: 0.0373
Epoch 10/100 Summary:
  Avg Train Loss: 0.0346
  Avg Val Loss:   0.0193
  Val Dice Score: 0.9926
  *** New best model saved! Dice: 0.9926 ***
