Starting ADNI Training job 321372 on a100-a
Loading Conda environment...
Conda environment activated. Running Python training script...
Using device: cuda
Loading datasets...
Loaded 21520 images for mode 'train' from /home/groups/comp3710/ADNI/AD_NC/train
Class mapping: {'AD': 0, 'NC': 1}
Loaded 9000 images for mode 'test' from /home/groups/comp3710/ADNI/AD_NC/test
Class mapping: {'AD': 0, 'NC': 1}
Loaded 21520 images for mode 'val' from /home/groups/comp3710/ADNI/AD_NC/train
Class mapping: {'AD': 0, 'NC': 1}
Split training data: 18292 train, 3228 validation.
Test data: 9000.
Initializing model...
Loaded ConvNeXt Tiny. Replaced classifier head for 2 classes.
Using CrossEntropyLoss with Label Smoothing: 0.1
Starting training for 10 epochs...
Epoch [1/10] | Train Loss: 0.4884 | Train Acc: 79.26% | Val Loss: 0.3562 | Val Acc: 89.90% | LR: 2.9e-05
  -> New best model saved to best_adni_convnext.pth (Val Acc: 89.90%)
Epoch [2/10] | Train Loss: 0.3514 | Train Acc: 90.30% | Val Loss: 0.2794 | Val Acc: 94.70% | LR: 2.7e-05
  -> New best model saved to best_adni_convnext.pth (Val Acc: 94.70%)
Epoch [3/10] | Train Loss: 0.3093 | Train Acc: 93.43% | Val Loss: 0.2627 | Val Acc: 96.47% | LR: 2.4e-05
  -> New best model saved to best_adni_convnext.pth (Val Acc: 96.47%)
Epoch [4/10] | Train Loss: 0.2739 | Train Acc: 95.47% | Val Loss: 0.2432 | Val Acc: 97.24% | LR: 2.0e-05
  -> New best model saved to best_adni_convnext.pth (Val Acc: 97.24%)
Epoch [5/10] | Train Loss: 0.2586 | Train Acc: 96.42% | Val Loss: 0.2490 | Val Acc: 96.96% | LR: 1.5e-05
Epoch [6/10] | Train Loss: 0.2395 | Train Acc: 97.50% | Val Loss: 0.2484 | Val Acc: 97.03% | LR: 1.0e-05
