Starting ADNI Training job 321341 on a100-a
Loading Conda environment...
Conda environment activated. Running Python training script...
Using device: cuda
Loading datasets...
Loaded 21520 images for mode 'train' from /home/groups/comp3710/ADNI/AD_NC/train
Class mapping: {'AD': 0, 'NC': 1}
Loaded 9000 images for mode 'test' from /home/groups/comp3710/ADNI/AD_NC/test
Class mapping: {'AD': 0, 'NC': 1}
Loaded 21520 images for mode 'val' from /home/groups/comp3710/ADNI/AD_NC/train
Class mapping: {'AD': 0, 'NC': 1}
Split training data: 18292 train, 3228 validation.
Test data: 9000.
Initializing model...
Loaded ConvNeXt Tiny. Replaced classifier head for 2 classes.
Starting training for 10 epochs...
Epoch [1/10] | Train Loss: 0.4716 | Train Acc: 76.83% | Val Loss: 0.2061 | Val Acc: 91.73% | LR: 4.9e-05
  -> New best model saved to best_adni_convnext.pth (Val Acc: 91.73%)
Epoch [2/10] | Train Loss: 0.2608 | Train Acc: 89.12% | Val Loss: 0.1996 | Val Acc: 91.02% | LR: 4.5e-05
Epoch [3/10] | Train Loss: 0.1862 | Train Acc: 92.53% | Val Loss: 0.1110 | Val Acc: 95.54% | LR: 4.0e-05
  -> New best model saved to best_adni_convnext.pth (Val Acc: 95.54%)
Epoch [4/10] | Train Loss: 0.1285 | Train Acc: 95.10% | Val Loss: 0.1473 | Val Acc: 93.74% | LR: 3.3e-05
Epoch [5/10] | Train Loss: 0.0912 | Train Acc: 96.41% | Val Loss: 0.0715 | Val Acc: 97.43% | LR: 2.5e-05
  -> New best model saved to best_adni_convnext.pth (Val Acc: 97.43%)
Epoch [6/10] | Train Loss: 0.0660 | Train Acc: 97.52% | Val Loss: 0.0291 | Val Acc: 98.95% | LR: 1.7e-05
  -> New best model saved to best_adni_convnext.pth (Val Acc: 98.95%)
Epoch [7/10] | Train Loss: 0.0447 | Train Acc: 98.34% | Val Loss: 0.0289 | Val Acc: 99.01% | LR: 1.0e-05
  -> New best model saved to best_adni_convnext.pth (Val Acc: 99.01%)
Epoch [8/10] | Train Loss: 0.0279 | Train Acc: 99.01% | Val Loss: 0.0156 | Val Acc: 99.47% | LR: 4.9e-06
  -> New best model saved to best_adni_convnext.pth (Val Acc: 99.47%)
Epoch [9/10] | Train Loss: 0.0190 | Train Acc: 99.35% | Val Loss: 0.0121 | Val Acc: 99.57% | LR: 1.3e-06
  -> New best model saved to best_adni_convnext.pth (Val Acc: 99.57%)
Epoch [10/10] | Train Loss: 0.0149 | Train Acc: 99.51% | Val Loss: 0.0117 | Val Acc: 99.54% | LR: 1.0e-07
Training finished.
Saving learning curves to learning_curves_adni.png...
Plot saved.

Running final test on test set using best model...
Loaded best model weights from best_adni_convnext.pth for final testing.

--- Final Test Results ---
Accuracy on Test Set: 75.84% (6826/9000)

Project target accuracy (>= 80%) NOT MET. Further tuning or more epochs may be needed.
Job finished
