Starting ADNI Training job 321245 on a100-a
Loading Conda environment...
Conda environment activated. Running Python training script...
Using device: cuda
Loading datasets...
Loaded 21520 images for mode 'train' from /home/groups/comp3710/ADNI/AD_NC/train
Class mapping: {'AD': 0, 'NC': 1}
Loaded 9000 images for mode 'test' from /home/groups/comp3710/ADNI/AD_NC/test
Class mapping: {'AD': 0, 'NC': 1}
Loaded 21520 images for mode 'val' from /home/groups/comp3710/ADNI/AD_NC/train
Class mapping: {'AD': 0, 'NC': 1}
Split training data: 18292 train, 3228 validation.
Test data: 9000.
Initializing model...
Loaded ConvNeXt Tiny. Replaced classifier head for 2 classes.
Starting training for 10 epochs...
Epoch [1/10] | Train Loss: 0.5075 | Train Acc: 73.70% | Val Loss: 0.3562 | Val Acc: 87.76% | LR: 1.0e-04
  -> New best model saved to best_adni_convnext.pth (Val Acc: 87.76%)
Epoch [2/10] | Train Loss: 0.2580 | Train Acc: 89.20% | Val Loss: 0.1456 | Val Acc: 94.36% | LR: 1.0e-04
  -> New best model saved to best_adni_convnext.pth (Val Acc: 94.36%)
Epoch [3/10] | Train Loss: 0.1654 | Train Acc: 93.53% | Val Loss: 0.3322 | Val Acc: 88.35% | LR: 1.0e-04
Epoch [4/10] | Train Loss: 0.1202 | Train Acc: 95.30% | Val Loss: 0.2185 | Val Acc: 92.01% | LR: 1.0e-04
Epoch [5/10] | Train Loss: 0.0975 | Train Acc: 96.30% | Val Loss: 0.0561 | Val Acc: 98.14% | LR: 1.0e-05
  -> New best model saved to best_adni_convnext.pth (Val Acc: 98.14%)
Epoch [6/10] | Train Loss: 0.0325 | Train Acc: 98.87% | Val Loss: 0.0468 | Val Acc: 98.30% | LR: 1.0e-05
  -> New best model saved to best_adni_convnext.pth (Val Acc: 98.30%)
Epoch [7/10] | Train Loss: 0.0176 | Train Acc: 99.39% | Val Loss: 0.0468 | Val Acc: 98.48% | LR: 1.0e-05
  -> New best model saved to best_adni_convnext.pth (Val Acc: 98.48%)
Epoch [8/10] | Train Loss: 0.0160 | Train Acc: 99.40% | Val Loss: 0.0291 | Val Acc: 99.04% | LR: 1.0e-05
  -> New best model saved to best_adni_convnext.pth (Val Acc: 99.04%)
Epoch [9/10] | Train Loss: 0.0124 | Train Acc: 99.55% | Val Loss: 0.0290 | Val Acc: 98.92% | LR: 1.0e-05
Epoch [10/10] | Train Loss: 0.0137 | Train Acc: 99.51% | Val Loss: 0.0382 | Val Acc: 98.48% | LR: 1.0e-06
Training finished.
Saving learning curves to learning_curves_adni.png...
Plot saved.

Running final test on test set using best model...

--- Final Test Results ---
Accuracy on Test Set: 75.84% (6826/9000)

Project target accuracy (>= 80%) NOT MET. Further tuning or more epochs may be needed.
Job finished
