Starting ADNI Training job 321463 on a100-a
Loading Conda environment...
Conda environment activated. Running Python training script...
Using device: cuda
Loading datasets...
Loaded 21520 images for mode 'train' from /home/groups/comp3710/ADNI/AD_NC/train
Class mapping: {'AD': 0, 'NC': 1}
Loaded 9000 images for mode 'test' from /home/groups/comp3710/ADNI/AD_NC/test
Class mapping: {'AD': 0, 'NC': 1}
Loaded 21520 images for mode 'val' from /home/groups/comp3710/ADNI/AD_NC/train
Class mapping: {'AD': 0, 'NC': 1}
Split training data: 18292 train, 3228 validation.
Test data: 9000.
Train class counts (AD, NC): [8838.0, 9454.0]
Initializing model...
Loaded ConvNeXt Tiny. Replaced classifier head for 2 classes.
Starting training for 10 epochs...
Epoch [1/10] | Train Loss: 0.5140 | Train Acc: 75.95% | Val Loss: 0.4267 | Val Acc: 87.17% | LR: 4.9e-05
  -> New best model saved to best_adni_convnext.pth (Val Acc: 87.17%)
Epoch [2/10] | Train Loss: 0.3134 | Train Acc: 89.92% | Val Loss: 0.2460 | Val Acc: 94.21% | LR: 4.5e-05
  -> New best model saved to best_adni_convnext.pth (Val Acc: 94.21%)
Epoch [3/10] | Train Loss: 0.2538 | Train Acc: 93.20% | Val Loss: 0.1936 | Val Acc: 96.25% | LR: 4.0e-05
  -> New best model saved to best_adni_convnext.pth (Val Acc: 96.25%)
Epoch [4/10] | Train Loss: 0.2121 | Train Acc: 95.56% | Val Loss: 0.2306 | Val Acc: 95.60% | LR: 3.3e-05
Epoch [5/10] | Train Loss: 0.1835 | Train Acc: 97.01% | Val Loss: 0.2429 | Val Acc: 95.29% | LR: 2.5e-05
Epoch [6/10] | Train Loss: 0.1662 | Train Acc: 97.89% | Val Loss: 0.1749 | Val Acc: 97.74% | LR: 1.7e-05
  -> New best model saved to best_adni_convnext.pth (Val Acc: 97.74%)
Epoch [7/10] | Train Loss: 0.1479 | Train Acc: 98.68% | Val Loss: 0.2546 | Val Acc: 95.35% | LR: 1.0e-05
Epoch [8/10] | Train Loss: 0.1349 | Train Acc: 99.23% | Val Loss: 0.1605 | Val Acc: 98.42% | LR: 4.9e-06
  -> New best model saved to best_adni_convnext.pth (Val Acc: 98.42%)
Epoch [9/10] | Train Loss: 0.1299 | Train Acc: 99.45% | Val Loss: 0.1696 | Val Acc: 98.14% | LR: 1.3e-06
Epoch [10/10] | Train Loss: 0.1271 | Train Acc: 99.57% | Val Loss: 0.1686 | Val Acc: 98.36% | LR: 1.0e-07
Training finished.
Job finished
