Starting ADNI Training job 321312 on a100-a
Loading Conda environment...
Conda environment activated. Running Python training script...
Using device: cuda
Loading datasets...
Loaded 21520 images for mode 'train' from /home/groups/comp3710/ADNI/AD_NC/train
Class mapping: {'AD': 0, 'NC': 1}
Loaded 9000 images for mode 'test' from /home/groups/comp3710/ADNI/AD_NC/test
Class mapping: {'AD': 0, 'NC': 1}
Loaded 21520 images for mode 'val' from /home/groups/comp3710/ADNI/AD_NC/train
Class mapping: {'AD': 0, 'NC': 1}
Split training data: 18292 train, 3228 validation.
Test data: 9000.
Initializing model...
Loaded ConvNeXt Tiny. Replaced classifier head for 2 classes.
Starting training for 10 epochs...
Epoch [1/10] | Train Loss: 0.4501 | Train Acc: 78.03% | Val Loss: 0.3683 | Val Acc: 81.85% | LR: 2.9e-05
  -> New best model saved to best_adni_convnext.pth (Val Acc: 81.85%)
Epoch [2/10] | Train Loss: 0.2408 | Train Acc: 89.74% | Val Loss: 0.1466 | Val Acc: 93.84% | LR: 2.7e-05
  -> New best model saved to best_adni_convnext.pth (Val Acc: 93.84%)
Epoch [3/10] | Train Loss: 0.1664 | Train Acc: 93.26% | Val Loss: 0.1182 | Val Acc: 94.98% | LR: 2.4e-05
  -> New best model saved to best_adni_convnext.pth (Val Acc: 94.98%)
Epoch [4/10] | Train Loss: 0.1230 | Train Acc: 95.07% | Val Loss: 0.0729 | Val Acc: 97.58% | LR: 2.0e-05
  -> New best model saved to best_adni_convnext.pth (Val Acc: 97.58%)
Epoch [5/10] | Train Loss: 0.0858 | Train Acc: 96.75% | Val Loss: 0.0413 | Val Acc: 98.54% | LR: 1.5e-05
  -> New best model saved to best_adni_convnext.pth (Val Acc: 98.54%)
Epoch [6/10] | Train Loss: 0.0661 | Train Acc: 97.59% | Val Loss: 0.0322 | Val Acc: 98.88% | LR: 1.0e-05
  -> New best model saved to best_adni_convnext.pth (Val Acc: 98.88%)
Epoch [7/10] | Train Loss: 0.0457 | Train Acc: 98.40% | Val Loss: 0.0271 | Val Acc: 98.82% | LR: 6.3e-06
Epoch [8/10] | Train Loss: 0.0300 | Train Acc: 98.84% | Val Loss: 0.0149 | Val Acc: 99.32% | LR: 3.0e-06
  -> New best model saved to best_adni_convnext.pth (Val Acc: 99.32%)
Epoch [9/10] | Train Loss: 0.0205 | Train Acc: 99.22% | Val Loss: 0.0122 | Val Acc: 99.57% | LR: 8.3e-07
  -> New best model saved to best_adni_convnext.pth (Val Acc: 99.57%)
Epoch [10/10] | Train Loss: 0.0158 | Train Acc: 99.32% | Val Loss: 0.0176 | Val Acc: 99.35% | LR: 1.0e-07
Training finished.
Saving learning curves to learning_curves_adni.png...
Plot saved.

Running final test on test set using best model...
Loaded best model weights from best_adni_convnext.pth for final testing.

--- Final Test Results ---
Accuracy on Test Set: 76.22% (6860/9000)

Project target accuracy (>= 80%) NOT MET. Further tuning or more epochs may be needed.
Job finished
