Starting ADNI Training job 321296 on a100-a
Loading Conda environment...
Conda environment activated. Running Python training script...
Using device: cuda
Loading datasets...
Loaded 21520 images for mode 'train' from /home/groups/comp3710/ADNI/AD_NC/train
Class mapping: {'AD': 0, 'NC': 1}
Loaded 9000 images for mode 'test' from /home/groups/comp3710/ADNI/AD_NC/test
Class mapping: {'AD': 0, 'NC': 1}
Loaded 21520 images for mode 'val' from /home/groups/comp3710/ADNI/AD_NC/train
Class mapping: {'AD': 0, 'NC': 1}
Split training data: 18292 train, 3228 validation.
Test data: 9000.
Initializing model...
Loaded ConvNeXt Tiny. Replaced classifier head for 2 classes.
Starting training for 10 epochs...
Epoch [1/10] | Train Loss: 0.6230 | Train Acc: 62.49% | Val Loss: 0.4568 | Val Acc: 81.69% | LR: 9.8e-05
  -> New best model saved to best_adni_convnext.pth (Val Acc: 81.69%)
Epoch [2/10] | Train Loss: 0.3998 | Train Acc: 81.90% | Val Loss: 0.2247 | Val Acc: 90.55% | LR: 9.1e-05
  -> New best model saved to best_adni_convnext.pth (Val Acc: 90.55%)
Epoch [3/10] | Train Loss: 0.2900 | Train Acc: 87.69% | Val Loss: 0.1927 | Val Acc: 92.97% | LR: 8.0e-05
  -> New best model saved to best_adni_convnext.pth (Val Acc: 92.97%)
Epoch [4/10] | Train Loss: 0.2152 | Train Acc: 91.36% | Val Loss: 0.1848 | Val Acc: 92.29% | LR: 6.6e-05
Epoch [5/10] | Train Loss: 0.1506 | Train Acc: 94.01% | Val Loss: 0.0703 | Val Acc: 97.34% | LR: 5.1e-05
  -> New best model saved to best_adni_convnext.pth (Val Acc: 97.34%)
Epoch [6/10] | Train Loss: 0.1070 | Train Acc: 95.94% | Val Loss: 0.1128 | Val Acc: 96.19% | LR: 3.5e-05
Epoch [7/10] | Train Loss: 0.0751 | Train Acc: 97.18% | Val Loss: 0.0467 | Val Acc: 98.36% | LR: 2.1e-05
  -> New best model saved to best_adni_convnext.pth (Val Acc: 98.36%)
Epoch [8/10] | Train Loss: 0.0571 | Train Acc: 97.94% | Val Loss: 0.0377 | Val Acc: 98.79% | LR: 1.0e-05
  -> New best model saved to best_adni_convnext.pth (Val Acc: 98.79%)
Epoch [9/10] | Train Loss: 0.0362 | Train Acc: 98.65% | Val Loss: 0.0259 | Val Acc: 99.26% | LR: 3.4e-06
  -> New best model saved to best_adni_convnext.pth (Val Acc: 99.26%)
Epoch [10/10] | Train Loss: 0.0277 | Train Acc: 99.00% | Val Loss: 0.0219 | Val Acc: 99.35% | LR: 1.0e-06
  -> New best model saved to best_adni_convnext.pth (Val Acc: 99.35%)
Training finished.
Saving learning curves to learning_curves_adni.png...
Plot saved.

Running final test on test set using best model...
Loaded best model weights from best_adni_convnext.pth for final testing.

--- Final Test Results ---
Accuracy on Test Set: 76.80% (6912/9000)

Project target accuracy (>= 80%) NOT MET. Further tuning or more epochs may be needed.
Job finished
